
> ui-app@0.1.0 build
> next build

   ▲ Next.js 15.5.14

   Creating an optimized production build ...
 ✓ Compiled successfully in 8.1s
   Linting and checking validity of types ...
   Collecting page data ...
   Generating static pages (0/9) ...
   Generating static pages (2/9) 
   Generating static pages (4/9) 
   Generating static pages (6/9) 
 ✓ Generating static pages (9/9)
   Finalizing page optimization ...
   Collecting build traces ...
[Error: ENOENT: no such file or directory, open '/Users/mprajapati/CstoreStudio/services/ui-app/.next/server/app/api/upload/route.js.nft.json'] {
  errno: -2,
  code: 'ENOENT',
  syscall: 'open',
  path: '/Users/mprajapati/CstoreStudio/services/ui-app/.next/server/app/api/upload/route.js.nft.json'
}
