🚀 Starting End-to-End Ticket Workflow Test...

1️⃣ Creating a new ticket (Intake)...
✅ Ticket created! Job ID: 33825f55-c862-4bbf-836c-6dc9fbb752fa
   Status: Draft
   Est Cost: $682
   DIY?: False

2️⃣ Fetching all jobs to verify persistance...
✅ Job 33825f55-c862-4bbf-836c-6dc9fbb752fa found in the database!

3️⃣ Requesting AI Diagnosis on the job...
✅ AI Diagnosis completed:  In the image provided, there's an illustration that appears to be a logo for Docker with the word "Docker" above it. However, the logo is visually impaired, showing signs of wear and damage, such as stains or discoloration on the bottom right corner.

Here's a technical diagnosis based on the visible damage:

1. **Visual Damage**: The image shows a stain or discoloration near the bottom right corner of the logo. It could be a result of age-related fading, exposure to moisture, or other environmental factors that have affected the printing or material over time.

2. **Potential Cause**: The exact cause of the damage is not evident from the image alone. However, common causes for such damage include:
   - Prolonged exposure to sunlight or UV light.
   - Accidental spills or contact with liquids.
   - Insects or pests, which may have left droppings on the surface of the logo.
   - Mechanical wear due to friction with other objects.

3. **Suggested Fix**: To restore the logo to its original condition, a few options could be considered:
   - Cleaning: If the damage is not too severe and the material is not damaged beyond repair, gently cleaning the area with a suitable cleaning solution could potentially remove or minimize the stains.
   - Touchup: If the damage is still within acceptable limits for the material, applying a new layer of the same color ink or paint over the affected area might help to conceal the damage and maintain the logo's appearance.
   - Replacement: If the damage is severe or the logo itself is old, replacing the logo with a new one might be the best course of action.

Please note that without more context or information about the material and its condition, this analysis is speculative based on common signs of wear and typical solutions for maintaining logos or branded materials. 

4️⃣ Routing to Owner (Status Update)...
✅ Job status updated to 'Pending Owner Review'

5️⃣ Final verification of job state...
✅ State verified in DB!

🎉 All End-to-End tests passed successfully!
